execve failed to start process "/home/aoife/codes/enzo-e//bin/enzo-e": No such file or directory
